# File: iso8859-1.map
#
# This file contains mappings from ISO characters to their 
# normalizes/upcase/lowcase variants.
#
# Expected line format:
#
#  <codepoint (dec)> [TAB] = decimal iso codepoint
#  <char>            [TAB] = iso-character
#  <name>            [TAB] = verbose unicode name of iso character
#  <norm-cp>         [TAB] = decimal unicode codepoint of iso norm 
#                            character
#  <norm-char>       [TAB] = iso norm character
#  <upcase-cp>       [TAB] = codepoint of upcase variant
#  <upcase-char>     [TAB] = upcase variant of the character
#  <lowcase-cp>      [TAB] = codepoint of lowcase variant
#  <lowcase-char>          = lowcase variant of the character
#

0	 	<control>	0		0	 	0	 
1	 	<control>	1		1	 	1	 
2	 	<control>	2		2	 	2	 
3	 	<control>	3		3	 	3	 
4	 	<control>	4		4	 	4	 
5	 	<control>	5		5	 	5	 
6	 	<control>	6		6	 	6	 
7	 	<control>	7		7	 	7	 
8	 	<control>	8		8	 	8	 
9	 	<control>	9		9	 	9	 
10	 	<control>	10		10	 	10	 
11	 	<control>	11		11	 	11	 
12	 	<control>	12		12	 	12	 
13	 	<control>	13		13	 	13	 
14	 	<control>	14		14	 	14	 
15	 	<control>	15		15	 	15	 
16	 	<control>	16		16	 	16	 
17	 	<control>	17		17	 	17	 
18	 	<control>	18		18	 	18	 
19	 	<control>	19		19	 	19	 
20	 	<control>	20		20	 	20	 
21	 	<control>	21		21	 	21	 
22	 	<control>	22		22	 	22	 
23	 	<control>	23		23	 	23	 
24	 	<control>	24		24	 	24	 
25	 	<control>	25		25	 	25	 
26	 	<control>	26		26	 	26	 
27	 	<control>	27		27	 	27	 
28	 	<control>	28		28	 	28	 
29	 	<control>	29		29	 	29	 
30	 	<control>	30		30	 	30	 
31	 	<control>	31		31	 	31	 
32		SPACE	32		32		32	
33	!	EXCLAMATION MARK	33	!	33	!	33	!
34	"	QUOTATION MARK	34	"	34	"	34	"
35	#	NUMBER SIGN	35	#	35	#	35	#
36	$	DOLLAR SIGN	36	$	36	$	36	$
37	%	PERCENT SIGN	37	%	37	%	37	%
38	&	AMPERSAND	38	&	38	&	38	&
39	'	APOSTROPHE	39	'	39	'	39	'
40	(	LEFT PARENTHESIS	40	(	40	(	40	(
41	)	RIGHT PARENTHESIS	41	)	41	)	41	)
42	*	ASTERISK	42	*	42	*	42	*
43	+	PLUS SIGN	43	+	43	+	43	+
44	,	COMMA	44	,	44	,	44	,
45	-	HYPHEN-MINUS	45	-	45	-	45	-
46	.	FULL STOP	46	.	46	.	46	.
47	/	SOLIDUS	47	/	47	/	47	/
48	0	DIGIT ZERO	48	0	48	0	48	0
49	1	DIGIT ONE	49	1	49	1	49	1
50	2	DIGIT TWO	50	2	50	2	50	2
51	3	DIGIT THREE	51	3	51	3	51	3
52	4	DIGIT FOUR	52	4	52	4	52	4
53	5	DIGIT FIVE	53	5	53	5	53	5
54	6	DIGIT SIX	54	6	54	6	54	6
55	7	DIGIT SEVEN	55	7	55	7	55	7
56	8	DIGIT EIGHT	56	8	56	8	56	8
57	9	DIGIT NINE	57	9	57	9	57	9
58	:	COLON	58	:	58	:	58	:
59	;	SEMICOLON	59	;	59	;	59	;
60	<	LESS-THAN SIGN	60	<	60	<	60	<
61	=	EQUALS SIGN	61	=	61	=	61	=
62	>	GREATER-THAN SIGN	62	>	62	>	62	>
63	?	QUESTION MARK	63	?	63	?	63	?
64	@	COMMERCIAL AT	64	@	64	@	64	@
65	A	LATIN CAPITAL LETTER A	97	a	65	A	97	a
66	B	LATIN CAPITAL LETTER B	98	b	66	B	98	b
67	C	LATIN CAPITAL LETTER C	99	c	67	C	99	c
68	D	LATIN CAPITAL LETTER D	100	d	68	D	100	d
69	E	LATIN CAPITAL LETTER E	101	e	69	E	101	e
70	F	LATIN CAPITAL LETTER F	102	f	70	F	102	f
71	G	LATIN CAPITAL LETTER G	103	g	71	G	103	g
72	H	LATIN CAPITAL LETTER H	104	h	72	H	104	h
73	I	LATIN CAPITAL LETTER I	105	i	73	I	105	i
74	J	LATIN CAPITAL LETTER J	106	j	74	J	106	j
75	K	LATIN CAPITAL LETTER K	107	k	75	K	107	k
76	L	LATIN CAPITAL LETTER L	108	l	76	L	108	l
77	M	LATIN CAPITAL LETTER M	109	m	77	M	109	m
78	N	LATIN CAPITAL LETTER N	110	n	78	N	110	n
79	O	LATIN CAPITAL LETTER O	111	o	79	O	111	o
80	P	LATIN CAPITAL LETTER P	112	p	80	P	112	p
81	Q	LATIN CAPITAL LETTER Q	113	q	81	Q	113	q
82	R	LATIN CAPITAL LETTER R	114	r	82	R	114	r
83	S	LATIN CAPITAL LETTER S	115	s	83	S	115	s
84	T	LATIN CAPITAL LETTER T	116	t	84	T	116	t
85	U	LATIN CAPITAL LETTER U	117	u	85	U	117	u
86	V	LATIN CAPITAL LETTER V	118	v	86	V	118	v
87	W	LATIN CAPITAL LETTER W	119	w	87	W	119	w
88	X	LATIN CAPITAL LETTER X	120	x	88	X	120	x
89	Y	LATIN CAPITAL LETTER Y	121	y	89	Y	121	y
90	Z	LATIN CAPITAL LETTER Z	122	z	90	Z	122	z
91	[	LEFT SQUARE BRACKET	91	[	91	[	91	[
92	\	REVERSE SOLIDUS	92	\	92	\	92	\
93	]	RIGHT SQUARE BRACKET	93	]	93	]	93	]
94	^	CIRCUMFLEX ACCENT	94	^	94	^	94	^
95	_	LOW LINE	95	_	95	_	95	_
96	`	GRAVE ACCENT	96	`	96	`	96	`
97	a	LATIN SMALL LETTER A	97	a	65	A	97	a
98	b	LATIN SMALL LETTER B	98	b	66	B	98	b
99	c	LATIN SMALL LETTER C	99	c	67	C	99	c
100	d	LATIN SMALL LETTER D	100	d	68	D	100	d
101	e	LATIN SMALL LETTER E	101	e	69	E	101	e
102	f	LATIN SMALL LETTER F	102	f	70	F	102	f
103	g	LATIN SMALL LETTER G	103	g	71	G	103	g
104	h	LATIN SMALL LETTER H	104	h	72	H	104	h
105	i	LATIN SMALL LETTER I	105	i	73	I	105	i
106	j	LATIN SMALL LETTER J	106	j	74	J	106	j
107	k	LATIN SMALL LETTER K	107	k	75	K	107	k
108	l	LATIN SMALL LETTER L	108	l	76	L	108	l
109	m	LATIN SMALL LETTER M	109	m	77	M	109	m
110	n	LATIN SMALL LETTER N	110	n	78	N	110	n
111	o	LATIN SMALL LETTER O	111	o	79	O	111	o
112	p	LATIN SMALL LETTER P	112	p	80	P	112	p
113	q	LATIN SMALL LETTER Q	113	q	81	Q	113	q
114	r	LATIN SMALL LETTER R	114	r	82	R	114	r
115	s	LATIN SMALL LETTER S	115	s	83	S	115	s
116	t	LATIN SMALL LETTER T	116	t	84	T	116	t
117	u	LATIN SMALL LETTER U	117	u	85	U	117	u
118	v	LATIN SMALL LETTER V	118	v	86	V	118	v
119	w	LATIN SMALL LETTER W	119	w	87	W	119	w
120	x	LATIN SMALL LETTER X	120	x	88	X	120	x
121	y	LATIN SMALL LETTER Y	121	y	89	Y	121	y
122	z	LATIN SMALL LETTER Z	122	z	90	Z	122	z
123	{	LEFT CURLY BRACKET	123	{	123	{	123	{
124	|	VERTICAL LINE	124	|	124	|	124	|
125	}	RIGHT CURLY BRACKET	125	}	125	}	125	}
126	~	TILDE	126	~	126	~	126	~
127	 	<control>	127		127	 	127	 
128	 	<control>	128		128	 	128	 
129	 	<control>	129		129	 	129	 
130	 	<control>	130		130	 	130	 
131	 	<control>	131		131	 	131	 
132	 	<control>	132		132	 	132	 
133	 	<control>	133		133	 	133	 
134	 	<control>	134		134	 	134	 
135	 	<control>	135		135	 	135	 
136	 	<control>	136		136	 	136	 
137	 	<control>	137		137	 	137	 
138	 	<control>	138		138	 	138	 
139	 	<control>	139		139	 	139	 
140	 	<control>	140		140	 	140	 
141	 	<control>	141		141	 	141	 
142	 	<control>	142		142	 	142	 
143	 	<control>	143		143	 	143	 
144	 	<control>	144		144	 	144	 
145	 	<control>	145		145	 	145	 
146	 	<control>	146		146	 	146	 
147	 	<control>	147		147	 	147	 
148	 	<control>	148		148	 	148	 
149	 	<control>	149		149	 	149	 
150	 	<control>	150		150	 	150	 
151	 	<control>	151		151	 	151	 
152	 	<control>	152		152	 	152	 
153	 	<control>	153		153	 	153	 
154	 	<control>	154		154	 	154	 
155	 	<control>	155		155	 	155	 
156	 	<control>	156		156	 	156	 
157	 	<control>	157		157	 	157	 
158	 	<control>	158		158	 	158	 
159	 	<control>	159		159	 	159	 
160	 	NO-BREAK SPACE	160		160	 	160	 
161	¡	INVERTED EXCLAMATION MARK	161	¡	161	¡	161	¡
162	¢	CENT SIGN	162	¢	162	¢	162	¢
163	£	POUND SIGN	163	£	163	£	163	£
164	¤	CURRENCY SIGN	164	¤	164	¤	164	¤
165	¥	YEN SIGN	165	¥	165	¥	165	¥
166	¦	BROKEN BAR	166	¦	166	¦	166	¦
167	§	SECTION SIGN	167	§	167	§	167	§
168	¨	DIAERESIS	168	¨	168	¨	168	¨
169	©	COPYRIGHT SIGN	169	©	169	©	169	©
170	ª	FEMININE ORDINAL INDICATOR	170	ª	170	ª	170	ª
171	«	LEFT-POINTING DOUBLE ANGLE QUOTATION MARK	171	«	171	«	171	«
172	¬	NOT SIGN	172	¬	172	¬	172	¬
173	­	SOFT HYPHEN	173	­	173	­	173	­
174	®	REGISTERED SIGN	174	®	174	®	174	®
175	¯	MACRON	175	¯	175	¯	175	¯
176	°	DEGREE SIGN	176	°	176	°	176	°
177	±	PLUS-MINUS SIGN	177	±	177	±	177	±
178	²	SUPERSCRIPT TWO	178	²	178	²	178	²
179	³	SUPERSCRIPT THREE	179	³	179	³	179	³
180	´	ACUTE ACCENT	180	´	180	´	180	´
181	µ	MICRO SIGN	181	µ	181	µ	181	µ
182	¶	PILCROW SIGN	182	¶	182	¶	182	¶
183	·	MIDDLE DOT	183	·	183	·	183	·
184	¸	CEDILLA	184	¸	184	¸	184	¸
185	¹	SUPERSCRIPT ONE	185	¹	185	¹	185	¹
186	º	MASCULINE ORDINAL INDICATOR	186	º	186	º	186	º
187	»	RIGHT-POINTING DOUBLE ANGLE QUOTATION MARK	187	»	187	»	187	»
188	¼	VULGAR FRACTION ONE QUARTER	188	¼	188	¼	188	¼
189	½	VULGAR FRACTION ONE HALF	189	½	189	½	189	½
190	¾	VULGAR FRACTION THREE QUARTERS	190	¾	190	¾	190	¾
191	¿	INVERTED QUESTION MARK	191	¿	191	¿	191	¿
192	À	LATIN CAPITAL LETTER A WITH GRAVE	97	a	192	À	224	à
193	Á	LATIN CAPITAL LETTER A WITH ACUTE	97	a	193	Á	225	á
194	Â	LATIN CAPITAL LETTER A WITH CIRCUMFLEX	97	a	194	Â	226	â
195	Ã	LATIN CAPITAL LETTER A WITH TILDE	97	a	195	Ã	227	ã
196	Ä	LATIN CAPITAL LETTER A WITH DIAERESIS	228	ä	196	Ä	228	ä
197	Å	LATIN CAPITAL LETTER A WITH RING ABOVE	97	a	197	Å	229	å
198	Æ	LATIN CAPITAL LETTER AE	230	æ	198	Æ	230	æ
199	Ç	LATIN CAPITAL LETTER C WITH CEDILLA	99	c	199	Ç	231	ç
200	È	LATIN CAPITAL LETTER E WITH GRAVE	101	e	200	È	232	è
201	É	LATIN CAPITAL LETTER E WITH ACUTE	101	e	201	É	233	é
202	Ê	LATIN CAPITAL LETTER E WITH CIRCUMFLEX	101	e	202	Ê	234	ê
203	Ë	LATIN CAPITAL LETTER E WITH DIAERESIS	101	e	203	Ë	235	ë
204	Ì	LATIN CAPITAL LETTER I WITH GRAVE	105	i	204	Ì	236	ì
205	Í	LATIN CAPITAL LETTER I WITH ACUTE	105	i	205	Í	237	í
206	Î	LATIN CAPITAL LETTER I WITH CIRCUMFLEX	105	i	206	Î	238	î
207	Ï	LATIN CAPITAL LETTER I WITH DIAERESIS	105	i	207	Ï	239	ï
208	Ð	LATIN CAPITAL LETTER ETH	240	ð	208	Ð	240	ð
209	Ñ	LATIN CAPITAL LETTER N WITH TILDE	110	n	209	Ñ	241	ñ
210	Ò	LATIN CAPITAL LETTER O WITH GRAVE	111	o	210	Ò	242	ò
211	Ó	LATIN CAPITAL LETTER O WITH ACUTE	111	o	211	Ó	243	ó
212	Ô	LATIN CAPITAL LETTER O WITH CIRCUMFLEX	111	o	212	Ô	244	ô
213	Õ	LATIN CAPITAL LETTER O WITH TILDE	111	o	213	Õ	245	õ
214	Ö	LATIN CAPITAL LETTER O WITH DIAERESIS	246	ö	214	Ö	246	ö
215	×	MULTIPLICATION SIGN	215	×	215	×	215	×
216	Ø	LATIN CAPITAL LETTER O WITH STROKE	111	o	216	Ø	248	ø
217	Ù	LATIN CAPITAL LETTER U WITH GRAVE	117	u	217	Ù	249	ù
218	Ú	LATIN CAPITAL LETTER U WITH ACUTE	117	u	218	Ú	250	ú
219	Û	LATIN CAPITAL LETTER U WITH CIRCUMFLEX	117	u	219	Û	251	û
220	Ü	LATIN CAPITAL LETTER U WITH DIAERESIS	252	ü	220	Ü	252	ü
221	Ý	LATIN CAPITAL LETTER Y WITH ACUTE	121	y	221	Ý	253	ý
222	Þ	LATIN CAPITAL LETTER THORN	254	þ	222	Þ	254	þ
223	ß	LATIN SMALL LETTER SHARP S	223	ß	223	ß	223	ß
224	à	LATIN SMALL LETTER A WITH GRAVE	97	a	192	À	224	à
225	á	LATIN SMALL LETTER A WITH ACUTE	97	a	193	Á	225	á
226	â	LATIN SMALL LETTER A WITH CIRCUMFLEX	97	a	194	Â	226	â
227	ã	LATIN SMALL LETTER A WITH TILDE	97	a	195	Ã	227	ã
228	ä	LATIN SMALL LETTER A WITH DIAERESIS	228	ä	196	Ä	228	ä
229	å	LATIN SMALL LETTER A WITH RING ABOVE	97	a	197	Å	229	å
230	æ	LATIN SMALL LETTER AE	230	æ	198	Æ	230	æ
231	ç	LATIN SMALL LETTER C WITH CEDILLA	99	c	199	Ç	231	ç
232	è	LATIN SMALL LETTER E WITH GRAVE	101	e	200	È	232	è
233	é	LATIN SMALL LETTER E WITH ACUTE	101	e	201	É	233	é
234	ê	LATIN SMALL LETTER E WITH CIRCUMFLEX	101	e	202	Ê	234	ê
235	ë	LATIN SMALL LETTER E WITH DIAERESIS	101	e	203	Ë	235	ë
236	ì	LATIN SMALL LETTER I WITH GRAVE	105	i	204	Ì	236	ì
237	í	LATIN SMALL LETTER I WITH ACUTE	105	i	205	Í	237	í
238	î	LATIN SMALL LETTER I WITH CIRCUMFLEX	105	i	206	Î	238	î
239	ï	LATIN SMALL LETTER I WITH DIAERESIS	105	i	207	Ï	239	ï
240	ð	LATIN SMALL LETTER ETH	240	ð	208	Ð	240	ð
241	ñ	LATIN SMALL LETTER N WITH TILDE	110	n	209	Ñ	241	ñ
242	ò	LATIN SMALL LETTER O WITH GRAVE	111	o	210	Ò	242	ò
243	ó	LATIN SMALL LETTER O WITH ACUTE	111	o	211	Ó	243	ó
244	ô	LATIN SMALL LETTER O WITH CIRCUMFLEX	111	o	212	Ô	244	ô
245	õ	LATIN SMALL LETTER O WITH TILDE	111	o	213	Õ	245	õ
246	ö	LATIN SMALL LETTER O WITH DIAERESIS	246	ö	214	Ö	246	ö
247	÷	DIVISION SIGN	247	÷	247	÷	247	÷
248	ø	LATIN SMALL LETTER O WITH STROKE	111	o	216	Ø	248	ø
249	ù	LATIN SMALL LETTER U WITH GRAVE	117	u	217	Ù	249	ù
250	ú	LATIN SMALL LETTER U WITH ACUTE	117	u	218	Ú	250	ú
251	û	LATIN SMALL LETTER U WITH CIRCUMFLEX	117	u	219	Û	251	û
252	ü	LATIN SMALL LETTER U WITH DIAERESIS	252	ü	220	Ü	252	ü
253	ý	LATIN SMALL LETTER Y WITH ACUTE	121	y	221	Ý	253	ý
254	þ	LATIN SMALL LETTER THORN	254	þ	222	Þ	254	þ
255	ÿ	LATIN SMALL LETTER Y WITH DIAERESIS	121	y	255	ÿ	255	ÿ
